******************************************************************************
                  TMS470 Linker PC v4.9.5                      
******************************************************************************
>> Linked Mon May 27 11:44:59 2013

OUTPUT FILE NAME:   <LedCube.out>
ENTRY POINT SYMBOL: "_c_int00"  address: 0000109d


MEMORY CONFIGURATION

         name            origin    length      used     unused   attr    fill
----------------------  --------  ---------  --------  --------  ----  --------
  FLASH                 00000000   00040000  000014ac  0003eb54  R  X
  SRAM                  20000000   00008000  0000012c  00007ed4  RW X


SEGMENT ALLOCATION MAP

run origin  load origin   length   init length attrs members
----------  ----------- ---------- ----------- ----- -------
00000000    00000000    000014b0   000014b0    r-x
  00000000    00000000    0000026c   0000026c    r-- .intvecs
  0000026c    0000026c    00000f82   00000f82    r-x .text
  000011f0    000011f0    0000027e   0000027e    r-- .const
  00001470    00001470    00000040   00000040    r-- .cinit
20000000    20000000    00000100   00000000    rw-
  20000000    20000000    00000100   00000000    rw- .stack
20000100    20000100    0000002c   00000020    rw-
  20000100    20000100    00000020   00000020    rw- .data
  20000120    20000120    00000008   00000000    rw- .sysmem
  20000128    20000128    00000004   00000000    rw- .bss


SECTION ALLOCATION MAP

 output                                  attributes/
section   page    origin      length       input sections
--------  ----  ----------  ----------   ----------------
.intvecs   0    00000000    0000026c     
                  00000000    0000026c     startup_ccs.obj (.intvecs)

.text      0    0000026c    00000f82     
                  0000026c    000003e0     rtsv7M4_T_le_v4SPD16_eabi.lib : memory.obj (.text)
                  0000064c    0000013c     driverlib-cm4f.lib : sysctl.obj (.text:SysCtlClockSet)
                  00000788    00000124     main.obj (.text)
                  000008ac    00000118     LayerControl.obj (.text)
                  000009c4    0000010c     FillCubeSequence.obj (.text)
                  00000ad0    000000c8     driverlib-cm4f.lib : gpio.obj (.text:GPIOPadConfigSet)
                  00000b98    000000c0     HC138N.obj (.text)
                  00000c58    000000c0     rtsv7M4_T_le_v4SPD16_eabi.lib : typeinfo_.obj (.text)
                  00000d18    000000b8     BlinkSequence.obj (.text)
                  00000dd0    0000009c     rtsv7M4_T_le_v4SPD16_eabi.lib : memcpy_t2.obj (.text)
                  00000e6c    00000098     Sequence.obj (.text)
                  00000f04    00000094     rtsv7M4_T_le_v4SPD16_eabi.lib : auto_init.obj (.text)
                  00000f98    0000005e                                   : copy_decompress_rle.obj (.text)
                  00000ff6    00000002     --HOLE-- [fill = 0]
                  00000ff8    00000058     driverlib-cm4f.lib : sysctl.obj (.text:SysCtlPeripheralEnable)
                  00001050    0000004c     rtsv7M4_T_le_v4SPD16_eabi.lib : cpy_tbl.obj (.text)
                  0000109c    00000048                                   : boot.obj (.text)
                  000010e4    00000044                                   : exit.obj (.text)
                  00001128    0000002e     driverlib-cm4f.lib : gpio.obj (.text:GPIODirModeSet)
                  00001156    00000002     --HOLE-- [fill = 0]
                  00001158    00000018     rtsv7M4_T_le_v4SPD16_eabi.lib : _lock.obj (.text)
                  00001170    00000018                                   : args_main.obj (.text)
                  00001188    00000012     driverlib-cm4f.lib : gpio.obj (.text:GPIOPinTypeGPIOOutput)
                  0000119a    00000012     rtsv7M4_T_le_v4SPD16_eabi.lib : copy_zero_init.obj (.text:decompress:ZI)
                  000011ac    0000000e                                   : copy_decompress_none.obj (.text:decompress:none)
                  000011ba    0000000c     startup_ccs.obj (.text)
                  000011c6    0000000a     driverlib-cm4f.lib : gpio.obj (.text:GPIOPinWrite)
                  000011d0    00000008     rtsv7M4_T_le_v4SPD16_eabi.lib : delete.obj (.text)
                  000011d8    00000006     driverlib-cm4f.lib : sysctl.obj (.text:SysCtlDelay)
                  000011de    00000006     rtsv7M4_T_le_v4SPD16_eabi.lib : copy_decompress_rle.obj (.text:decompress:rle24)
                  000011e4    00000006                                   : pure_virt.obj (.text)
                  000011ea    00000004                                   : error.obj (.text)

.const     0    000011f0    0000027e     
                  000011f0    00000040     driverlib-cm4f.lib : sysctl.obj (.const)
                  00001230    00000028     rtsv7M4_T_le_v4SPD16_eabi.lib : typeinfo_.obj (.const:_ZTSN10__cxxabiv123__fundamental_type_infoE)
                  00001258    00000025                                   : typeinfo_.obj (.const:_ZTSN10__cxxabiv120__si_class_type_infoE)
                  0000127d    00000003     --HOLE-- [fill = 0]
                  00001280    00000024                                   : typeinfo_.obj (.const:_ZTSN10__cxxabiv119__pointer_type_infoE)
                  000012a4    00000022                                   : typeinfo_.obj (.const:_ZTSN10__cxxabiv117__class_type_infoE)
                  000012c6    00000002     --HOLE-- [fill = 0]
                  000012c8    00000022                                   : typeinfo_.obj (.const:_ZTSN10__cxxabiv117__pbase_type_infoE)
                  000012ea    00000002     --HOLE-- [fill = 0]
                  000012ec    00000018     BlinkSequence.obj (.const:_ZTV13BlinkSequence)
                  00001304    00000013     FillCubeSequence.obj (.const:_ZTS16FillCubeSequence)
                  00001317    00000001     --HOLE-- [fill = 0]
                  00001318    00000010     rtsv7M4_T_le_v4SPD16_eabi.lib : typeinfo_.obj (.const:_ZTIPKe)
                  00001328    00000010     BlinkSequence.obj (.const:_ZTS13BlinkSequence)
                  00001338    00000010     LayerControl.obj (.const:_ZTV12LayerControl)
                  00001348    00000010     FillCubeSequence.obj (.const:_ZTV16FillCubeSequence)
                  00001358    00000010     HC138N.obj (.const:_ZTV6HC138N)
                  00001368    00000010     Sequence.obj (.const:_ZTV8Sequence)
                  00001378    00000010     rtsv7M4_T_le_v4SPD16_eabi.lib : typeinfo_.obj (.const:_ZTVN10__cxxabiv117__class_type_infoE)
                  00001388    00000010                                   : typeinfo_.obj (.const:_ZTVN10__cxxabiv119__pointer_type_infoE)
                  00001398    00000010                                   : typeinfo_.obj (.const:_ZTVN10__cxxabiv120__si_class_type_infoE)
                  000013a8    00000010                                   : typeinfo_.obj (.const:_ZTVN10__cxxabiv123__fundamental_type_infoE)
                  000013b8    0000000f     LayerControl.obj (.const:_ZTS12LayerControl)
                  000013c7    00000001     --HOLE-- [fill = 0]
                  000013c8    0000000d     rtsv7M4_T_le_v4SPD16_eabi.lib : typeinfo_.obj (.const:_ZTSSt9type_info)
                  000013d5    00000003     --HOLE-- [fill = 0]
                  000013d8    0000000c     BlinkSequence.obj (.const:_ZTI13BlinkSequence)
                  000013e4    0000000c     FillCubeSequence.obj (.const:_ZTI16FillCubeSequence)
                  000013f0    0000000c     rtsv7M4_T_le_v4SPD16_eabi.lib : typeinfo_.obj (.const:_ZTIN10__cxxabiv117__class_type_infoE)
                  000013fc    0000000c                                   : typeinfo_.obj (.const:_ZTIN10__cxxabiv117__pbase_type_infoE)
                  00001408    0000000c                                   : typeinfo_.obj (.const:_ZTIN10__cxxabiv119__pointer_type_infoE)
                  00001414    0000000c                                   : typeinfo_.obj (.const:_ZTIN10__cxxabiv120__si_class_type_infoE)
                  00001420    0000000c                                   : typeinfo_.obj (.const:_ZTIN10__cxxabiv123__fundamental_type_infoE)
                  0000142c    0000000a     Sequence.obj (.const:_ZTS8Sequence)
                  00001436    00000002     --HOLE-- [fill = 0]
                  00001438    00000008     LayerControl.obj (.const:_ZTI12LayerControl)
                  00001440    00000008     HC138N.obj (.const:_ZTI6HC138N)
                  00001448    00000008     Sequence.obj (.const:_ZTI8Sequence)
                  00001450    00000008     rtsv7M4_T_le_v4SPD16_eabi.lib : typeinfo_.obj (.const:_ZTISt9type_info)
                  00001458    00000008                                   : typeinfo_.obj (.const:_ZTIe)
                  00001460    00000008     HC138N.obj (.const:_ZTS6HC138N)
                  00001468    00000004     rtsv7M4_T_le_v4SPD16_eabi.lib : typeinfo_.obj (.const:_ZTSPKe)
                  0000146c    00000002                                   : typeinfo_.obj (.const:_ZTSe)

.cinit     0    00001470    00000040     
                  00001470    0000001b     (.cinit..data.load) [load image, compression = rle]
                  0000148b    00000001     --HOLE-- [fill = 0]
                  0000148c    0000000c     (__TI_handler_table)
                  00001498    00000008     (.cinit..bss.load) [load image, compression = zero_init]
                  000014a0    00000010     (__TI_cinit_table)

.stack     0    20000000    00000100     UNINITIALIZED
                  20000000    00000100     --HOLE--

.data      0    20000100    00000020     
                  20000100    0000000c     rtsv7M4_T_le_v4SPD16_eabi.lib : memory.obj (.data)
                  2000010c    00000008                                   : _lock.obj (.data)
                  20000114    00000008                                   : exit.obj (.data)
                  2000011c    00000004                                   : stkdepth_vars.obj (.data)

.sysmem    0    20000120    00000008     UNINITIALIZED
                  20000120    00000008     rtsv7M4_T_le_v4SPD16_eabi.lib : memory.obj (.sysmem)

.bss       0    20000128    00000004     UNINITIALIZED
                  20000128    00000004     rtsv7M4_T_le_v4SPD16_eabi.lib : typeinfo_.obj (.bss)


LINKER GENERATED COPY TABLES

__TI_cinit_table @ 000014a0 records: 2, size/record: 8, table size: 16
	.data: load addr=00001470, load size=0000001b bytes, run addr=20000100, run size=00000020 bytes, compression=rle
	.bss: load addr=00001498, load size=00000008 bytes, run addr=20000128, run size=00000004 bytes, compression=zero_init


LINKER GENERATED HANDLER TABLE

__TI_handler_table @ 0000148c records: 3, size/record: 4, table size: 12
	index: 0, handler: __TI_decompress_rle24
	index: 1, handler: __TI_decompress_none
	index: 2, handler: __TI_zero_init


GLOBAL SYMBOLS: SORTED ALPHABETICALLY BY Name 

address    name
--------   ----
000010e5   C$$EXIT
00001129   GPIODirModeSet
00000ad1   GPIOPadConfigSet
00001189   GPIOPinTypeGPIOOutput
000011c7   GPIOPinWrite
000011bb   ResetISR
UNDEFED    SHT$$INIT_ARRAY$$Base
UNDEFED    SHT$$INIT_ARRAY$$Limit
0000064d   SysCtlClockSet
000011d9   SysCtlDelay
00000ff9   SysCtlPeripheralEnable
00000d07   _ZN10__cxxabiv116__enum_type_infoD0Ev
00000d05   _ZN10__cxxabiv116__enum_type_infoD1Ev
00000d05   _ZN10__cxxabiv116__enum_type_infoD2Ev
00000cfd   _ZN10__cxxabiv117__array_type_infoD0Ev
00000cfb   _ZN10__cxxabiv117__array_type_infoD1Ev
00000cfb   _ZN10__cxxabiv117__array_type_infoD2Ev
00000cf3   _ZN10__cxxabiv117__class_type_infoD0Ev
00000cf1   _ZN10__cxxabiv117__class_type_infoD1Ev
00000cf1   _ZN10__cxxabiv117__class_type_infoD2Ev
00000ce9   _ZN10__cxxabiv117__pbase_type_infoD0Ev
00000ce7   _ZN10__cxxabiv117__pbase_type_infoD1Ev
00000ce7   _ZN10__cxxabiv117__pbase_type_infoD2Ev
00000cdf   _ZN10__cxxabiv119__pointer_type_infoD0Ev
00000cdd   _ZN10__cxxabiv119__pointer_type_infoD1Ev
00000cdd   _ZN10__cxxabiv119__pointer_type_infoD2Ev
00000cd5   _ZN10__cxxabiv120__function_type_infoD0Ev
00000cd3   _ZN10__cxxabiv120__function_type_infoD1Ev
00000cd3   _ZN10__cxxabiv120__function_type_infoD2Ev
00000ccb   _ZN10__cxxabiv120__si_class_type_infoD0Ev
00000cc9   _ZN10__cxxabiv120__si_class_type_infoD1Ev
00000cc9   _ZN10__cxxabiv120__si_class_type_infoD2Ev
00000cc1   _ZN10__cxxabiv121__vmi_class_type_infoD0Ev
00000cbf   _ZN10__cxxabiv121__vmi_class_type_infoD1Ev
00000cbf   _ZN10__cxxabiv121__vmi_class_type_infoD2Ev
00000cb7   _ZN10__cxxabiv123__fundamental_type_infoD0Ev
00000cb5   _ZN10__cxxabiv123__fundamental_type_infoD1Ev
00000cb5   _ZN10__cxxabiv123__fundamental_type_infoD2Ev
00000cad   _ZN10__cxxabiv129__pointer_to_member_type_infoD0Ev
00000cab   _ZN10__cxxabiv129__pointer_to_member_type_infoD1Ev
00000cab   _ZN10__cxxabiv129__pointer_to_member_type_infoD2Ev
00000911   _ZN12LayerControl2onEi
000008f5   _ZN12LayerControl3offEv
000008ad   _ZN12LayerControlC1Ev
000008ad   _ZN12LayerControlC2Ev
000008df   _ZN12LayerControlD0Ev
000008d3   _ZN12LayerControlD1Ev
000008d3   _ZN12LayerControlD2Ev
00000d67   _ZN13BlinkSequence4nextEv
00000dbf   _ZN13BlinkSequence5delayEv
00000d19   _ZN13BlinkSequenceC1Ev
00000d19   _ZN13BlinkSequenceC2Ev
00000d51   _ZN13BlinkSequenceD0Ev
00000d43   _ZN13BlinkSequenceD1Ev
00000d43   _ZN13BlinkSequenceD2Ev
000009e5   _ZN16FillCubeSequence4nextEv
00000ac1   _ZN16FillCubeSequence5delayEv
000009c5   _ZN16FillCubeSequenceC1Ev
000009c5   _ZN16FillCubeSequenceC2Ev
00000bed   _ZN6HC138N3setEh
00000c05   _ZN6HC138N4setpEh
00000c1f   _ZN6HC138N5pulseEv
00000c31   _ZN6HC138N6enableEv
00000c43   _ZN6HC138N7disableEv
00000b99   _ZN6HC138NC1El
00000b99   _ZN6HC138NC2El
00000bd7   _ZN6HC138ND0Ev
00000bcb   _ZN6HC138ND1Ev
00000bcb   _ZN6HC138ND2Ev
00000e8d   _ZN8Sequence5delayEv
00000ef3   _ZN8Sequence6cubeOnEv
00000ee5   _ZN8Sequence7cubeOffEv
00000e99   _ZN8Sequence7setCubeEc
00000e6d   _ZN8SequenceC1Ev
00000e6d   _ZN8SequenceC2Ev
00000e81   _ZN8SequenceD1Ev
00000e81   _ZN8SequenceD2Ev
00000c6b   _ZNKSt9type_info4nameEv
00000c9b   _ZNKSt9type_info6beforeERKS_
00000c85   _ZNKSt9type_infoeqERKS_
00000c6f   _ZNKSt9type_infoneERKS_
00000c63   _ZNSt9type_infoD0Ev
00000c61   _ZNSt9type_infoD1Ev
00000c61   _ZNSt9type_infoD2Ev
20000128   _ZSt16__dummy_typeinfo
00000c59   _ZSt21__gen_dummy_typeinfosv
00001438   _ZTI12LayerControl
000013d8   _ZTI13BlinkSequence
000013e4   _ZTI16FillCubeSequence
00001440   _ZTI6HC138N
00001448   _ZTI8Sequence
000013f0   _ZTIN10__cxxabiv117__class_type_infoE
000013fc   _ZTIN10__cxxabiv117__pbase_type_infoE
00001408   _ZTIN10__cxxabiv119__pointer_type_infoE
00001414   _ZTIN10__cxxabiv120__si_class_type_infoE
00001420   _ZTIN10__cxxabiv123__fundamental_type_infoE
00001318   _ZTIPKe
00001450   _ZTISt9type_info
00001458   _ZTIe
000013b8   _ZTS12LayerControl
00001328   _ZTS13BlinkSequence
00001304   _ZTS16FillCubeSequence
00001460   _ZTS6HC138N
0000142c   _ZTS8Sequence
000012a4   _ZTSN10__cxxabiv117__class_type_infoE
000012c8   _ZTSN10__cxxabiv117__pbase_type_infoE
00001280   _ZTSN10__cxxabiv119__pointer_type_infoE
00001258   _ZTSN10__cxxabiv120__si_class_type_infoE
00001230   _ZTSN10__cxxabiv123__fundamental_type_infoE
00001468   _ZTSPKe
000013c8   _ZTSSt9type_info
0000146c   _ZTSe
00001338   _ZTV12LayerControl
000012ec   _ZTV13BlinkSequence
00001348   _ZTV16FillCubeSequence
00001358   _ZTV6HC138N
00001368   _ZTV8Sequence
00001378   _ZTVN10__cxxabiv117__class_type_infoE
00001388   _ZTVN10__cxxabiv119__pointer_type_infoE
00001398   _ZTVN10__cxxabiv120__si_class_type_infoE
000013a8   _ZTVN10__cxxabiv123__fundamental_type_infoE
000011d1   _ZdlPv
20000100   __STACK_END
00000100   __STACK_SIZE
20000100   __STACK_TOP
00000008   __SYSMEM_SIZE
000014a0   __TI_CINIT_Base
000014b0   __TI_CINIT_Limit
0000148c   __TI_Handler_Table_Base
00001498   __TI_Handler_Table_Limit
00000001   __TI_args_main
00000f05   __TI_auto_init
000011ad   __TI_decompress_none
000011df   __TI_decompress_rle24
00000000   __TI_static_base__
0000119b   __TI_zero_init
000011eb   __abort_execution
00000dd1   __aeabi_memcpy
00000dd1   __aeabi_memcpy4
00000dd1   __aeabi_memcpy8
ffffffff   __binit__
ffffffff   __c_args__
000011e5   __cxa_pure_virtual
20000000   __stack
00001171   _args_main
0000109d   _c_int00
20000114   _cleanup_ptr
20000118   _dtors_ptr
2000010c   _lock
00001165   _nop
0000115f   _register_lock
00001159   _register_unlock
20000120   _sys_memory
20000110   _unlock
000010e9   abort
ffffffff   binit
0000060f   calloc
00001051   copy_in
000010f1   exit
0000035b   free
00000000   g_pfnVectors
00000789   main
2000011c   main_func_sp
000002f9   malloc
00000539   memalign
00000dd1   memcpy
0000026d   minit
00000425   realloc


GLOBAL SYMBOLS: SORTED BY Symbol Address 

address    name
--------   ----
00000000   __TI_static_base__
00000000   g_pfnVectors
00000001   __TI_args_main
00000008   __SYSMEM_SIZE
00000100   __STACK_SIZE
0000026d   minit
000002f9   malloc
0000035b   free
00000425   realloc
00000539   memalign
0000060f   calloc
0000064d   SysCtlClockSet
00000789   main
000008ad   _ZN12LayerControlC1Ev
000008ad   _ZN12LayerControlC2Ev
000008d3   _ZN12LayerControlD1Ev
000008d3   _ZN12LayerControlD2Ev
000008df   _ZN12LayerControlD0Ev
000008f5   _ZN12LayerControl3offEv
00000911   _ZN12LayerControl2onEi
000009c5   _ZN16FillCubeSequenceC1Ev
000009c5   _ZN16FillCubeSequenceC2Ev
000009e5   _ZN16FillCubeSequence4nextEv
00000ac1   _ZN16FillCubeSequence5delayEv
00000ad1   GPIOPadConfigSet
00000b99   _ZN6HC138NC1El
00000b99   _ZN6HC138NC2El
00000bcb   _ZN6HC138ND1Ev
00000bcb   _ZN6HC138ND2Ev
00000bd7   _ZN6HC138ND0Ev
00000bed   _ZN6HC138N3setEh
00000c05   _ZN6HC138N4setpEh
00000c1f   _ZN6HC138N5pulseEv
00000c31   _ZN6HC138N6enableEv
00000c43   _ZN6HC138N7disableEv
00000c59   _ZSt21__gen_dummy_typeinfosv
00000c61   _ZNSt9type_infoD1Ev
00000c61   _ZNSt9type_infoD2Ev
00000c63   _ZNSt9type_infoD0Ev
00000c6b   _ZNKSt9type_info4nameEv
00000c6f   _ZNKSt9type_infoneERKS_
00000c85   _ZNKSt9type_infoeqERKS_
00000c9b   _ZNKSt9type_info6beforeERKS_
00000cab   _ZN10__cxxabiv129__pointer_to_member_type_infoD1Ev
00000cab   _ZN10__cxxabiv129__pointer_to_member_type_infoD2Ev
00000cad   _ZN10__cxxabiv129__pointer_to_member_type_infoD0Ev
00000cb5   _ZN10__cxxabiv123__fundamental_type_infoD1Ev
00000cb5   _ZN10__cxxabiv123__fundamental_type_infoD2Ev
00000cb7   _ZN10__cxxabiv123__fundamental_type_infoD0Ev
00000cbf   _ZN10__cxxabiv121__vmi_class_type_infoD1Ev
00000cbf   _ZN10__cxxabiv121__vmi_class_type_infoD2Ev
00000cc1   _ZN10__cxxabiv121__vmi_class_type_infoD0Ev
00000cc9   _ZN10__cxxabiv120__si_class_type_infoD1Ev
00000cc9   _ZN10__cxxabiv120__si_class_type_infoD2Ev
00000ccb   _ZN10__cxxabiv120__si_class_type_infoD0Ev
00000cd3   _ZN10__cxxabiv120__function_type_infoD1Ev
00000cd3   _ZN10__cxxabiv120__function_type_infoD2Ev
00000cd5   _ZN10__cxxabiv120__function_type_infoD0Ev
00000cdd   _ZN10__cxxabiv119__pointer_type_infoD1Ev
00000cdd   _ZN10__cxxabiv119__pointer_type_infoD2Ev
00000cdf   _ZN10__cxxabiv119__pointer_type_infoD0Ev
00000ce7   _ZN10__cxxabiv117__pbase_type_infoD1Ev
00000ce7   _ZN10__cxxabiv117__pbase_type_infoD2Ev
00000ce9   _ZN10__cxxabiv117__pbase_type_infoD0Ev
00000cf1   _ZN10__cxxabiv117__class_type_infoD1Ev
00000cf1   _ZN10__cxxabiv117__class_type_infoD2Ev
00000cf3   _ZN10__cxxabiv117__class_type_infoD0Ev
00000cfb   _ZN10__cxxabiv117__array_type_infoD1Ev
00000cfb   _ZN10__cxxabiv117__array_type_infoD2Ev
00000cfd   _ZN10__cxxabiv117__array_type_infoD0Ev
00000d05   _ZN10__cxxabiv116__enum_type_infoD1Ev
00000d05   _ZN10__cxxabiv116__enum_type_infoD2Ev
00000d07   _ZN10__cxxabiv116__enum_type_infoD0Ev
00000d19   _ZN13BlinkSequenceC1Ev
00000d19   _ZN13BlinkSequenceC2Ev
00000d43   _ZN13BlinkSequenceD1Ev
00000d43   _ZN13BlinkSequenceD2Ev
00000d51   _ZN13BlinkSequenceD0Ev
00000d67   _ZN13BlinkSequence4nextEv
00000dbf   _ZN13BlinkSequence5delayEv
00000dd1   __aeabi_memcpy
00000dd1   __aeabi_memcpy4
00000dd1   __aeabi_memcpy8
00000dd1   memcpy
00000e6d   _ZN8SequenceC1Ev
00000e6d   _ZN8SequenceC2Ev
00000e81   _ZN8SequenceD1Ev
00000e81   _ZN8SequenceD2Ev
00000e8d   _ZN8Sequence5delayEv
00000e99   _ZN8Sequence7setCubeEc
00000ee5   _ZN8Sequence7cubeOffEv
00000ef3   _ZN8Sequence6cubeOnEv
00000f05   __TI_auto_init
00000ff9   SysCtlPeripheralEnable
00001051   copy_in
0000109d   _c_int00
000010e5   C$$EXIT
000010e9   abort
000010f1   exit
00001129   GPIODirModeSet
00001159   _register_unlock
0000115f   _register_lock
00001165   _nop
00001171   _args_main
00001189   GPIOPinTypeGPIOOutput
0000119b   __TI_zero_init
000011ad   __TI_decompress_none
000011bb   ResetISR
000011c7   GPIOPinWrite
000011d1   _ZdlPv
000011d9   SysCtlDelay
000011df   __TI_decompress_rle24
000011e5   __cxa_pure_virtual
000011eb   __abort_execution
00001230   _ZTSN10__cxxabiv123__fundamental_type_infoE
00001258   _ZTSN10__cxxabiv120__si_class_type_infoE
00001280   _ZTSN10__cxxabiv119__pointer_type_infoE
000012a4   _ZTSN10__cxxabiv117__class_type_infoE
000012c8   _ZTSN10__cxxabiv117__pbase_type_infoE
000012ec   _ZTV13BlinkSequence
00001304   _ZTS16FillCubeSequence
00001318   _ZTIPKe
00001328   _ZTS13BlinkSequence
00001338   _ZTV12LayerControl
00001348   _ZTV16FillCubeSequence
00001358   _ZTV6HC138N
00001368   _ZTV8Sequence
00001378   _ZTVN10__cxxabiv117__class_type_infoE
00001388   _ZTVN10__cxxabiv119__pointer_type_infoE
00001398   _ZTVN10__cxxabiv120__si_class_type_infoE
000013a8   _ZTVN10__cxxabiv123__fundamental_type_infoE
000013b8   _ZTS12LayerControl
000013c8   _ZTSSt9type_info
000013d8   _ZTI13BlinkSequence
000013e4   _ZTI16FillCubeSequence
000013f0   _ZTIN10__cxxabiv117__class_type_infoE
000013fc   _ZTIN10__cxxabiv117__pbase_type_infoE
00001408   _ZTIN10__cxxabiv119__pointer_type_infoE
00001414   _ZTIN10__cxxabiv120__si_class_type_infoE
00001420   _ZTIN10__cxxabiv123__fundamental_type_infoE
0000142c   _ZTS8Sequence
00001438   _ZTI12LayerControl
00001440   _ZTI6HC138N
00001448   _ZTI8Sequence
00001450   _ZTISt9type_info
00001458   _ZTIe
00001460   _ZTS6HC138N
00001468   _ZTSPKe
0000146c   _ZTSe
0000148c   __TI_Handler_Table_Base
00001498   __TI_Handler_Table_Limit
000014a0   __TI_CINIT_Base
000014b0   __TI_CINIT_Limit
20000000   __stack
20000100   __STACK_END
20000100   __STACK_TOP
2000010c   _lock
20000110   _unlock
20000114   _cleanup_ptr
20000118   _dtors_ptr
2000011c   main_func_sp
20000120   _sys_memory
20000128   _ZSt16__dummy_typeinfo
ffffffff   __binit__
ffffffff   __c_args__
ffffffff   binit
UNDEFED    SHT$$INIT_ARRAY$$Base
UNDEFED    SHT$$INIT_ARRAY$$Limit

[168 symbols]
